// Jest Snapshot v1, https://goo.gl/fbAQLP

exports[`should render expense list from expenses 1`] = `
<div>
  <h1>
    Expense list 
  </h1>
  <ExpenseListItem
    amount={195}
    createdAt={0}
    description="Gum"
    id={1}
    key="1"
    note=""
  />
  <ExpenseListItem
    amount={19500}
    createdAt={-345600000}
    description="Rent"
    id={2}
    key="2"
    note=""
  />
  <ExpenseListItem
    amount={4500}
    createdAt={345600000}
    description="Credit cards"
    id={3}
    key="3"
    note=""
  />
</div>
`;

exports[`should render the message on the empty array 1`] = `
<div>
  <h1>
    Expense list 
  </h1>
  <p>
    Thre is no expense to show, you can add one now
  </p>
</div>
`;
